
Discarded input sections

 .text          0x0000000000000000        0x0 build/obj/crt0.o
 .data          0x0000000000000000        0x0 build/obj/crt0.o
 .bss           0x0000000000000000        0x0 build/obj/crt0.o
 .text.__early_init
                0x0000000000000000       0x10 build/obj/crt0.o
 .text          0x0000000000000000        0x0 build/obj/vectors.o
 .data          0x0000000000000000        0x0 build/obj/vectors.o
 .bss           0x0000000000000000        0x0 build/obj/vectors.o
 .text          0x0000000000000000        0x0 build/obj/chcore.o
 .data          0x0000000000000000        0x0 build/obj/chcore.o
 .bss           0x0000000000000000        0x0 build/obj/chcore.o
 .text.port_halt
                0x0000000000000000       0x10 build/obj/chcore.o
 .debug_info    0x0000000000000000       0x96 build/obj/chcore.o
 .debug_abbrev  0x0000000000000000       0x42 build/obj/chcore.o
 .debug_aranges
                0x0000000000000000       0x20 build/obj/chcore.o
 .debug_ranges  0x0000000000000000       0x10 build/obj/chcore.o
 .debug_line    0x0000000000000000       0x6b build/obj/chcore.o
 .debug_str     0x0000000000000000       0xff build/obj/chcore.o
 .comment       0x0000000000000000       0x3b build/obj/chcore.o
 .ARM.attributes
                0x0000000000000000       0x33 build/obj/chcore.o
 .debug_frame   0x0000000000000000       0x20 build/obj/chcore.o
 .text          0x0000000000000000        0x0 build/obj/chcore_v7m.o
 .data          0x0000000000000000        0x0 build/obj/chcore_v7m.o
 .bss           0x0000000000000000        0x0 build/obj/chcore_v7m.o
 .text          0x0000000000000000        0x0 build/obj/nvic.o
 .data          0x0000000000000000        0x0 build/obj/nvic.o
 .bss           0x0000000000000000        0x0 build/obj/nvic.o
 .text.nvicDisableVector
                0x0000000000000000       0x40 build/obj/nvic.o
 .text          0x0000000000000000        0x0 build/obj/chsys.o
 .data          0x0000000000000000        0x0 build/obj/chsys.o
 .bss           0x0000000000000000        0x0 build/obj/chsys.o
 .text          0x0000000000000000        0x0 build/obj/chdebug.o
 .data          0x0000000000000000        0x0 build/obj/chdebug.o
 .bss           0x0000000000000000        0x0 build/obj/chdebug.o
 .debug_info    0x0000000000000000       0x75 build/obj/chdebug.o
 .debug_abbrev  0x0000000000000000       0x24 build/obj/chdebug.o
 .debug_aranges
                0x0000000000000000       0x18 build/obj/chdebug.o
 .debug_line    0x0000000000000000       0x1d build/obj/chdebug.o
 .debug_str     0x0000000000000000       0xf0 build/obj/chdebug.o
 .comment       0x0000000000000000       0x3b build/obj/chdebug.o
 .ARM.attributes
                0x0000000000000000       0x33 build/obj/chdebug.o
 .text          0x0000000000000000        0x0 build/obj/chlists.o
 .data          0x0000000000000000        0x0 build/obj/chlists.o
 .bss           0x0000000000000000        0x0 build/obj/chlists.o
 .debug_info    0x0000000000000000       0x75 build/obj/chlists.o
 .debug_abbrev  0x0000000000000000       0x24 build/obj/chlists.o
 .debug_aranges
                0x0000000000000000       0x18 build/obj/chlists.o
 .debug_line    0x0000000000000000       0x1d build/obj/chlists.o
 .debug_str     0x0000000000000000       0xf0 build/obj/chlists.o
 .comment       0x0000000000000000       0x3b build/obj/chlists.o
 .ARM.attributes
                0x0000000000000000       0x33 build/obj/chlists.o
 .text          0x0000000000000000        0x0 build/obj/chvt.o
 .data          0x0000000000000000        0x0 build/obj/chvt.o
 .bss           0x0000000000000000        0x0 build/obj/chvt.o
 .text.chTimeIsWithin
                0x0000000000000000       0x40 build/obj/chvt.o
 .text          0x0000000000000000        0x0 build/obj/chschd.o
 .data          0x0000000000000000        0x0 build/obj/chschd.o
 .bss           0x0000000000000000        0x0 build/obj/chschd.o
 .text.chSchRescheduleS
                0x0000000000000000       0x20 build/obj/chschd.o
 .text          0x0000000000000000        0x0 build/obj/chthreads.o
 .data          0x0000000000000000        0x0 build/obj/chthreads.o
 .bss           0x0000000000000000        0x0 build/obj/chthreads.o
 .text.chThdSetPriority
                0x0000000000000000       0x30 build/obj/chthreads.o
 .text.chThdResume
                0x0000000000000000       0x20 build/obj/chthreads.o
 .text.chThdTerminate
                0x0000000000000000       0x20 build/obj/chthreads.o
 .text.chThdSleepUntil
                0x0000000000000000       0x30 build/obj/chthreads.o
 .text.chThdYield
                0x0000000000000000       0x30 build/obj/chthreads.o
 .text.chThdWait
                0x0000000000000000       0x40 build/obj/chthreads.o
 .text          0x0000000000000000        0x0 build/obj/chdynamic.o
 .data          0x0000000000000000        0x0 build/obj/chdynamic.o
 .bss           0x0000000000000000        0x0 build/obj/chdynamic.o
 .text.chThdAddRef
[...]
Memory Configuration

Name             Origin             Length             Attributes
flash            0x0000000008000000 0x0000000000100000
ram              0x0000000020000000 0x000000000001c000
ethram           0x000000002001c000 0x0000000000004000
ccmram           0x0000000010000000 0x0000000000010000
*default*        0x0000000000000000 0xffffffffffffffff

Linker script and memory map

LOAD build/obj/crt0.o
LOAD build/obj/vectors.o
LOAD build/obj/chcore.o
LOAD build/obj/chcore_v7m.o
LOAD build/obj/nvic.o
LOAD build/obj/chsys.o
LOAD build/obj/chdebug.o
LOAD build/obj/chlists.o
LOAD build/obj/chvt.o
LOAD build/obj/chschd.o
LOAD build/obj/chthreads.o
LOAD build/obj/chdynamic.o
LOAD build/obj/chregistry.o
LOAD build/obj/chsem.o
LOAD build/obj/chmtx.o
LOAD build/obj/chcond.o
LOAD build/obj/chevents.o
LOAD build/obj/chmsg.o
LOAD build/obj/chmboxes.o
LOAD build/obj/chqueues.o
LOAD build/obj/chmemcore.o
LOAD build/obj/chheap.o
LOAD build/obj/chmempools.o
LOAD build/obj/test.o
LOAD build/obj/testthd.o
LOAD build/obj/testsem.o
LOAD build/obj/testmtx.o
LOAD build/obj/testmsg.o
LOAD build/obj/testmbox.o
LOAD build/obj/testevt.o
LOAD build/obj/testheap.o
LOAD build/obj/testpools.o
LOAD build/obj/testdyn.o
LOAD build/obj/testqueues.o
LOAD build/obj/testbmk.o
LOAD build/obj/hal.o
LOAD build/obj/adc.o
LOAD build/obj/can.o
LOAD build/obj/ext.o
LOAD build/obj/gpt.o
LOAD build/obj/i2c.o
LOAD build/obj/icu.o
LOAD build/obj/mac.o
LOAD build/obj/mmc_spi.o
LOAD build/obj/mmcsd.o
LOAD build/obj/pal.o
LOAD build/obj/pwm.o
LOAD build/obj/rtc.o
LOAD build/obj/sdc.o
LOAD build/obj/serial.o
LOAD build/obj/serial_usb.o
LOAD build/obj/spi.o
LOAD build/obj/tm.o
LOAD build/obj/uart.o
LOAD build/obj/usb.o
LOAD build/obj/stm32_dma.o
LOAD build/obj/hal_lld.o
LOAD build/obj/adc_lld.o
LOAD build/obj/ext_lld_isr.o
LOAD build/obj/can_lld.o
LOAD build/obj/ext_lld.o
LOAD build/obj/gpt_lld.o
LOAD build/obj/icu_lld.o
LOAD build/obj/mac_lld.o
LOAD build/obj/pwm_lld.o
LOAD build/obj/sdc_lld.o
LOAD build/obj/pal_lld.o
LOAD build/obj/i2c_lld.o
LOAD build/obj/usb_lld.o
LOAD build/obj/rtc_lld.o
LOAD build/obj/spi_lld.o
LOAD build/obj/serial_lld.o
LOAD build/obj/uart_lld.o
LOAD build/obj/board.o
LOAD build/obj/lis302dl.o
LOAD build/obj/chprintf.o
LOAD build/obj/main.o
LOAD build/obj/ax12.o
LOAD build/obj/receive_thread.o
START GROUP
LOAD /opt/tools_arm/lib/gcc/arm-none-eabi/4.7.3/thumb/cortex-m4/libgcc.a
LOAD /opt/tools_arm/lib/gcc/arm-none-eabi/4.7.3/../../../../arm-none-eabi/lib/thumb/cortex-m4/libc.a
END GROUP
                0x0000000000000400                __main_stack_size__ = 0x400
                0x0000000000000400                __process_stack_size__ = 0x400
                0x0000000020000000                __ram_start__ = ORIGIN (ram)
                0x000000000001c000                __ram_size__ = 0x1c000
                0x000000002001c000                __ram_end__ = (__ram_start__ + __ram_size__)
                0x0000000000000000                . = 0x0
                0x0000000000000000                _text = .

startup         0x0000000008000000      0x188
 *(vectors)
 vectors        0x0000000008000000      0x188 build/obj/vectors.o
                0x0000000008000000                _vectors

constructors    0x0000000008000188        0x0
                0x0000000008000188                PROVIDE (__init_array_start, .)
 *(SORT(.init_array.*))
 *(.init_array)
                0x0000000008000188                PROVIDE (__init_array_end, .)

destructors     0x0000000008000188        0x0
                0x0000000008000188                PROVIDE (__fini_array_start, .)
 *(.fini_array)
 *(SORT(.fini_array.*))
                0x0000000008000188                PROVIDE (__fini_array_end, .)

.text           0x0000000008000190     0x1cfc
 *(.text.startup.*)
 .text.startup.main
                0x0000000008000190       0xc0 build/obj/main.o
                0x0000000008000190                main
 *(.text)
 *(.text.*)
 .text.__late_init
                0x0000000008000250       0x10 build/obj/crt0.o
                0x0000000008000250                __late_init
 .text._default_exit
                0x0000000008000260       0x10 build/obj/crt0.o
                0x0000000008000260                _default_exit
 .text.ResetHandler
                0x0000000008000270      0x120 build/obj/crt0.o
                0x0000000008000270                ResetHandler
 .text._unhandled_exception
                0x0000000008000390       0x10 build/obj/vectors.o
                0x0000000008000390                Vector58
                0x0000000008000390                VectorE8
                0x0000000008000390                Vector9C
                0x0000000008000390                VectorAC
                0x0000000008000390                Vector5C
                0x0000000008000390                NMIVector
                0x0000000008000390                Vector11C
                0x0000000008000390                Vector8C
                0x0000000008000390                Vector168
                0x0000000008000390                Vector110
                0x0000000008000390                VectorC8
                0x0000000008000390                Vector94
                0x0000000008000390                VectorA8
                0x0000000008000390                VectorB4
                0x0000000008000390                Vector160
                0x0000000008000390                VectorEC
                0x0000000008000390                UsageFaultVector
                0x0000000008000390                DebugMonitorVector
                0x0000000008000390                Vector40
                0x0000000008000390                VectorF8
                0x0000000008000390                Vector108
                0x0000000008000390                VectorBC
                0x0000000008000390                Vector148
                0x0000000008000390                PendSVVector
                0x0000000008000390                Vector118
                0x0000000008000390                Vector64
                0x0000000008000390                VectorCC
                0x0000000008000390                Vector54
                0x0000000008000390                Vector98
                0x0000000008000390                VectorD8
                0x0000000008000390                Vector138
                0x0000000008000390                Vector24
                0x0000000008000390                Vector178
                0x0000000008000390                BusFaultVector
                0x0000000008000390                VectorD0
                0x0000000008000390                Vector140
                0x0000000008000390                VectorE4
                0x0000000008000390                VectorC0
                0x0000000008000390                HardFaultVector
                0x0000000008000390                Vector134
                0x0000000008000390                VectorF0
                0x0000000008000390                Vector13C
                0x0000000008000390                Vector100
                0x0000000008000390                VectorE0
                0x0000000008000390                VectorF4
                0x0000000008000390                MemManageVector
                0x0000000008000390                VectorA0
                0x0000000008000390                VectorC4
                0x0000000008000390                Vector180
                0x0000000008000390                VectorB0
                0x0000000008000390                Vector90
                0x0000000008000390                Vector114
                0x0000000008000390                Vector164
                0x0000000008000390                Vector60
                0x0000000008000390                Vector1C
                0x0000000008000390                Vector17C
                0x0000000008000390                Vector48
                0x0000000008000390                Vector16C
                0x0000000008000390                Vector4C
                0x0000000008000390                Vector144
                0x0000000008000390                Vector15C
                0x0000000008000390                Vector68
                0x0000000008000390                _unhandled_exception
                0x0000000008000390                Vector170
                0x0000000008000390                Vector104
                0x0000000008000390                Vector184
                0x0000000008000390                Vector10C
                0x0000000008000390                Vector14C
                0x0000000008000390                Vector50
                0x0000000008000390                Vector44
                0x0000000008000390                Vector28
                0x0000000008000390                Vector34
                0x0000000008000390                VectorA4
                0x0000000008000390                Vector20
                0x0000000008000390                Vector174
 .text._port_switch_from_isr
                0x00000000080003a0       0x10 build/obj/chcore_v7m.o
                0x00000000080003a0                _port_switch_from_isr
 .text.SVCallVector
                0x00000000080003b0       0x20 build/obj/chcore_v7m.o
                0x00000000080003b0                SVCallVector
 .text._port_init
                0x00000000080003d0       0x40 build/obj/chcore_v7m.o
                0x00000000080003d0                _port_init
 .text._port_irq_epilogue
                0x0000000008000410       0x70 build/obj/chcore_v7m.o
                0x0000000008000410                _port_irq_epilogue
 .text.SysTickVector
                0x0000000008000480       0x20 build/obj/chcore_v7m.o
                0x0000000008000480                SysTickVector
 .text._port_switch
                0x00000000080004a0       0x10 build/obj/chcore_v7m.o
                0x00000000080004a0                _port_switch
 .text._port_thread_start
                0x00000000080004b0       0x10 build/obj/chcore_v7m.o
                0x00000000080004b0                _port_thread_start
 .text.nvicEnableVector
                0x00000000080004c0       0x50 build/obj/nvic.o
                0x00000000080004c0                nvicEnableVector
 .text.nvicSetSystemHandlerPriority
                0x0000000008000510       0x30 build/obj/nvic.o
                0x0000000008000510                nvicSetSystemHandlerPriority
 .text._idle_thread
                0x0000000008000540       0x20 build/obj/chsys.o
                0x0000000008000540                _idle_thread
 .text.chSysInit
                0x0000000008000560       0x70 build/obj/chsys.o
                0x0000000008000560                chSysInit
 .text.chSysTimerHandlerI
                0x00000000080005d0       0x60 build/obj/chsys.o
                0x00000000080005d0                chSysTimerHandlerI
 .text._vt_init
                0x0000000008000630       0x20 build/obj/chvt.o
                0x0000000008000630                _vt_init
 .text.chVTSetI
                0x0000000008000650       0x40 build/obj/chvt.o
                0x0000000008000650                chVTSetI
 .text.chVTResetI
                0x0000000008000690       0x30 build/obj/chvt.o
                0x0000000008000690                chVTResetI
 .text.wakeup   0x00000000080006c0       0x60 build/obj/chschd.o
 .text._scheduler_init
                0x0000000008000720       0x20 build/obj/chschd.o
                0x0000000008000720                _scheduler_init
 .text.chSchReadyI
                0x0000000008000740       0x20 build/obj/chschd.o
                0x0000000008000740                chSchReadyI
 .text.chSchGoSleepS
                0x0000000008000760       0x30 build/obj/chschd.o
                0x0000000008000760                chSchGoSleepS
 .text.chSchGoSleepTimeoutS
                0x0000000008000790       0x40 build/obj/chschd.o
                0x0000000008000790                chSchGoSleepTimeoutS
 .text.chSchWakeupS
                0x00000000080007d0       0x60 build/obj/chschd.o
                0x00000000080007d0                chSchWakeupS
 .text.chSchDoRescheduleBehind
                0x0000000008000830       0x40 build/obj/chschd.o
                0x0000000008000830                chSchDoRescheduleBehind
 .text.chSchDoRescheduleAhead
                0x0000000008000870       0x40 build/obj/chschd.o
                0x0000000008000870                chSchDoRescheduleAhead
 .text.chSchDoReschedule
                0x00000000080008b0       0x20 build/obj/chschd.o
                0x00000000080008b0                chSchDoReschedule
 .text._thread_init
                0x00000000080008d0       0x60 build/obj/chthreads.o
                0x00000000080008d0                _thread_init
 .text.chThdCreateI
                0x0000000008000930       0x80 build/obj/chthreads.o
                0x0000000008000930                chThdCreateI
 .text.chThdCreateStatic
                0x00000000080009b0       0x30 build/obj/chthreads.o
                0x00000000080009b0                chThdCreateStatic
 .text.chThdSleep
                0x00000000080009e0       0x20 build/obj/chthreads.o
                0x00000000080009e0                chThdSleep
 .text.chThdExitS
                0x0000000008000a00       0x40 build/obj/chthreads.o
                0x0000000008000a00                chThdExitS
 .text.chThdExit
                0x0000000008000a40       0x10 build/obj/chthreads.o
                0x0000000008000a40                chThdExit
 .text.chMtxInit
                0x0000000008000a50       0x10 build/obj/chmtx.o
                0x0000000008000a50                chMtxInit
 .text.chEvtSignalI
                0x0000000008000a60       0x30 build/obj/chevents.o
                0x0000000008000a60                chEvtSignalI
 .text.chEvtBroadcastFlagsI
                0x0000000008000a90       0x20 build/obj/chevents.o
                0x0000000008000a90                chEvtBroadcastFlagsI
 .text.qwait    0x0000000008000ab0       0x30 build/obj/chqueues.o
 .text.chIQInit
                0x0000000008000ae0       0x20 build/obj/chqueues.o
                0x0000000008000ae0                chIQInit
 .text.chIQPutI
                0x0000000008000b00       0x50 build/obj/chqueues.o
                0x0000000008000b00                chIQPutI
 .text.chIQGetTimeout
                0x0000000008000b50       0x50 build/obj/chqueues.o
                0x0000000008000b50                chIQGetTimeout
 .text.chIQReadTimeout
                0x0000000008000ba0       0x80 build/obj/chqueues.o
                0x0000000008000ba0                chIQReadTimeout
 .text.chOQInit
                0x0000000008000c20       0x20 build/obj/chqueues.o
                0x0000000008000c20                chOQInit
 .text.chOQPutTimeout
                0x0000000008000c40       0x50 build/obj/chqueues.o
                0x0000000008000c40                chOQPutTimeout
 .text.chOQGetI
                0x0000000008000c90       0x50 build/obj/chqueues.o
                0x0000000008000c90                chOQGetI
 .text.chOQWriteTimeout
                0x0000000008000ce0       0x80 build/obj/chqueues.o
                0x0000000008000ce0                chOQWriteTimeout
 .text._core_init
                0x0000000008000d60       0x30 build/obj/chmemcore.o
                0x0000000008000d60                _core_init
 .text.chCoreAlloc
                0x0000000008000d90       0x40 build/obj/chmemcore.o
                0x0000000008000d90                chCoreAlloc
 .text._heap_init
                0x0000000008000dd0       0x20 build/obj/chheap.o
                0x0000000008000dd0                _heap_init
 .text.halInit  0x0000000008000df0       0x30 build/obj/hal.o
                0x0000000008000df0                halInit
 .text.adcInit  0x0000000008000e20       0x10 build/obj/adc.o
                0x0000000008000e20                adcInit
 .text.adcObjectInit
                0x0000000008000e30       0x20 build/obj/adc.o
                0x0000000008000e30                adcObjectInit
 .text.pwmInit  0x0000000008000e50       0x10 build/obj/pwm.o
                0x0000000008000e50                pwmInit
 .text.pwmObjectInit
                0x0000000008000e60       0x10 build/obj/pwm.o
                0x0000000008000e60                pwmObjectInit
 .text.readt    0x0000000008000e70       0x10 build/obj/serial.o
 .text.read     0x0000000008000e80       0x10 build/obj/serial.o
 .text.writet   0x0000000008000e90       0x10 build/obj/serial.o
 .text.write    0x0000000008000ea0       0x10 build/obj/serial.o
 .text.gett     0x0000000008000eb0       0x10 build/obj/serial.o
 .text.get      0x0000000008000ec0       0x10 build/obj/serial.o
 .text.putt     0x0000000008000ed0       0x10 build/obj/serial.o
 .text.put      0x0000000008000ee0       0x10 build/obj/serial.o
 .text.sdInit   0x0000000008000ef0       0x10 build/obj/serial.o
                0x0000000008000ef0                sdInit
 .text.sdObjectInit
                0x0000000008000f00       0x50 build/obj/serial.o
                0x0000000008000f00                sdObjectInit
 .text.sdStart  0x0000000008000f50       0x20 build/obj/serial.o
                0x0000000008000f50                sdStart
 .text.sdIncomingDataI
                0x0000000008000f70       0x40 build/obj/serial.o
                0x0000000008000f70                sdIncomingDataI
 .text.spiInit  0x0000000008000fb0       0x10 build/obj/spi.o
                0x0000000008000fb0                spiInit
 .text.spiObjectInit
                0x0000000008000fc0       0x10 build/obj/spi.o
                0x0000000008000fc0                spiObjectInit
 .text.Vector6C
                0x0000000008000fd0       0x30 build/obj/stm32_dma.o
                0x0000000008000fd0                Vector6C
 .text.Vector70
                0x0000000008001000       0x30 build/obj/stm32_dma.o
                0x0000000008001000                Vector70
 .text.Vector74
                0x0000000008001030       0x30 build/obj/stm32_dma.o
                0x0000000008001030                Vector74
 .text.Vector78
                0x0000000008001060       0x30 build/obj/stm32_dma.o
                0x0000000008001060                Vector78
 .text.Vector7C
                0x0000000008001090       0x30 build/obj/stm32_dma.o
                0x0000000008001090                Vector7C
 .text.Vector80
                0x00000000080010c0       0x30 build/obj/stm32_dma.o
                0x00000000080010c0                Vector80
 .text.Vector84
                0x00000000080010f0       0x30 build/obj/stm32_dma.o
                0x00000000080010f0                Vector84
 .text.VectorFC
                0x0000000008001120       0x30 build/obj/stm32_dma.o
                0x0000000008001120                VectorFC
 .text.Vector120
                0x0000000008001150       0x30 build/obj/stm32_dma.o
                0x0000000008001150                Vector120
 .text.Vector124
                0x0000000008001180       0x30 build/obj/stm32_dma.o
                0x0000000008001180                Vector124
 .text.Vector128
                0x00000000080011b0       0x30 build/obj/stm32_dma.o
                0x00000000080011b0                Vector128
 .text.Vector12C
                0x00000000080011e0       0x30 build/obj/stm32_dma.o
                0x00000000080011e0                Vector12C
 .text.Vector130
                0x0000000008001210       0x30 build/obj/stm32_dma.o
                0x0000000008001210                Vector130
 .text.Vector150
                0x0000000008001240       0x30 build/obj/stm32_dma.o
                0x0000000008001240                Vector150
 .text.Vector154
                0x0000000008001270       0x30 build/obj/stm32_dma.o
                0x0000000008001270                Vector154
 .text.Vector158
                0x00000000080012a0       0x30 build/obj/stm32_dma.o
                0x00000000080012a0                Vector158
 .text.dmaInit  0x00000000080012d0       0x50 build/obj/stm32_dma.o
                0x00000000080012d0                dmaInit
 .text.hal_lld_init
                0x0000000008001320       0xc0 build/obj/hal_lld.o
                0x0000000008001320                hal_lld_init
 .text.stm32_clock_init
                0x00000000080013e0       0xe0 build/obj/hal_lld.o
                0x00000000080013e0                stm32_clock_init
 .text.adc_lld_init
                0x00000000080014c0       0x40 build/obj/adc_lld.o
                0x00000000080014c0                adc_lld_init
 .text.adc_lld_stop_conversion
                0x0000000008001500       0x30 build/obj/adc_lld.o
                0x0000000008001500                adc_lld_stop_conversion
 .text.Vector88
                0x0000000008001530       0x70 build/obj/adc_lld.o
                0x0000000008001530                Vector88
 .text.VectorB8
                0x00000000080015a0       0x70 build/obj/pwm_lld.o
                0x00000000080015a0                VectorB8
 .text.pwm_lld_init
                0x0000000008001610       0x20 build/obj/pwm_lld.o
                0x0000000008001610                pwm_lld_init
 .text._pal_lld_init
                0x0000000008001630      0x1b0 build/obj/pal_lld.o
                0x0000000008001630                _pal_lld_init
 .text._pal_lld_setgroupmode
                0x00000000080017e0       0xd0 build/obj/pal_lld.o
                0x00000000080017e0                _pal_lld_setgroupmode
 .text.spi_lld_init
                0x00000000080018b0       0x50 build/obj/spi_lld.o
                0x00000000080018b0                spi_lld_init
 .text.notify1  0x0000000008001900       0x20 build/obj/serial_lld.o
 .text.notify3  0x0000000008001920       0x20 build/obj/serial_lld.o
 .text.serve_interrupt
                0x0000000008001940      0x100 build/obj/serial_lld.o
 .text.VectorD4
                0x0000000008001a40       0x20 build/obj/serial_lld.o
                0x0000000008001a40                VectorD4
 .text.VectorDC
                0x0000000008001a60       0x20 build/obj/serial_lld.o
                0x0000000008001a60                VectorDC
 .text.sd_lld_init
                0x0000000008001a80       0x50 build/obj/serial_lld.o
                0x0000000008001a80                sd_lld_init
 .text.sd_lld_start
                0x0000000008001ad0       0xd0 build/obj/serial_lld.o
                0x0000000008001ad0                sd_lld_start
 .text.__early_init
                0x0000000008001ba0       0x10 build/obj/board.o
                0x0000000008001ba0                __early_init
 .text.boardInit
                0x0000000008001bb0       0x10 build/obj/board.o
                0x0000000008001bb0                boardInit
 .text.sendData
                0x0000000008001bc0       0x50 build/obj/ax12.o
                0x0000000008001bc0                sendData
 .text.writeLed
                0x0000000008001c10       0x30 build/obj/ax12.o
                0x0000000008001c10                writeLed
 .text.receive_thread
                0x0000000008001c40       0x30 build/obj/receive_thread.o
                0x0000000008001c40                receive_thread
 *(.rodata)
 *(.rodata.*)
 .rodata.str1.4
                0x0000000008001c70        0x8 build/obj/chsys.o
 *fill*         0x0000000008001c78        0x8 
 .rodata.ch_debug
                0x0000000008001c80       0x18 build/obj/chregistry.o
                0x0000000008001c80                ch_debug
 *fill*         0x0000000008001c98        0x8 
 .rodata.vmt    0x0000000008001ca0       0x20 build/obj/serial.o
 .rodata._stm32_dma_streams
                0x0000000008001cc0       0xc0 build/obj/stm32_dma.o
                0x0000000008001cc0                _stm32_dma_streams
 .rodata.default_config
                0x0000000008001d80        0xc build/obj/serial_lld.o
 *fill*         0x0000000008001d8c        0x4 
 .rodata.pal_default_config
                0x0000000008001d90       0xfc build/obj/board.o
                0x0000000008001d90                pal_default_config
 *(.glue_7t)
 .glue_7t       0x0000000000000000        0x0 linker stubs
 *(.glue_7)
 .glue_7        0x0000000000000000        0x0 linker stubs
 *(.gcc*)

.vfp11_veneer   0x0000000008001e8c        0x0
 .vfp11_veneer  0x0000000000000000        0x0 linker stubs

.v4_bx          0x0000000008001e8c        0x0
 .v4_bx         0x0000000000000000        0x0 linker stubs

.iplt           0x0000000008001e8c        0x0
 .iplt          0x0000000000000000        0x0 build/obj/crt0.o

.rel.dyn        0x0000000008001e8c        0x0
 .rel.iplt      0x0000000000000000        0x0 build/obj/crt0.o

.ARM.extab
 *(.ARM.extab* .gnu.linkonce.armextab.*)

.ARM.exidx      0x0000000008001e8c        0x0
                0x0000000008001e8c                PROVIDE (__exidx_start, .)
 *(.ARM.exidx* .gnu.linkonce.armexidx.*)
                0x0000000008001e8c                PROVIDE (__exidx_end, .)

.eh_frame_hdr
 *(.eh_frame_hdr)

.eh_frame
 *(.eh_frame)

.textalign      0x0000000008001e8c        0x4
                0x0000000008001e90                . = ALIGN (0x8)
 *fill*         0x0000000008001e8c        0x4 
                0x0000000008001e90                _etext = .
                0x0000000008001e90                _textdata = _etext

.stacks         0x0000000020000000      0x800
                0x0000000020000000                . = ALIGN (0x8)
                0x0000000020000000                __main_stack_base__ = .
                0x0000000020000400                . = (. + __main_stack_size__)
 *fill*         0x0000000020000000      0x400 
                0x0000000020000400                . = ALIGN (0x8)
                0x0000000020000400                __main_stack_end__ = .
                0x0000000020000400                __process_stack_base__ = .
                0x0000000020000400                __main_thread_stack_base__ = .
                0x0000000020000800                . = (. + __process_stack_size__)
 *fill*         0x0000000020000400      0x400 
                0x0000000020000800                . = ALIGN (0x8)
                0x0000000020000800                __process_stack_end__ = .
                0x0000000020000800                __main_thread_stack_end__ = .

.data           0x0000000020000800       0x18 load address 0x0000000008001e90
                0x0000000020000800                . = ALIGN (0x4)
                0x0000000020000800                PROVIDE (_data, .)
 *(.data)
                0x0000000020000800                . = ALIGN (0x4)
 *(.data.*)
 .data.pccfg    0x0000000020000800        0xc build/obj/main.o
 .data.ax12cfg  0x000000002000080c        0xc build/obj/main.o
                0x0000000020000818                . = ALIGN (0x4)
 *(.ramtext)
                0x0000000020000818                . = ALIGN (0x4)
                0x0000000020000818                PROVIDE (_edata, .)

.igot.plt       0x0000000020000818        0x0 load address 0x0000000008001ea8
 .igot.plt      0x0000000000000000        0x0 build/obj/crt0.o

.bss            0x0000000020000818      0x50c load address 0x0000000008001ea8
                0x0000000020000818                . = ALIGN (0x4)
                0x0000000020000818                PROVIDE (_bss_start, .)
 *(.bss)
                0x0000000020000818                . = ALIGN (0x4)
 *(.bss.*)
 .bss.mainthread.4772
                0x0000000020000818       0x48 build/obj/chsys.o
 .bss._idle_thread_wa
                0x0000000020000860       0xc0 build/obj/chsys.o
                0x0000000020000860                _idle_thread_wa
 .bss.vtlist    0x0000000020000920       0x10 build/obj/chvt.o
                0x0000000020000920                vtlist
 .bss.rlist     0x0000000020000930       0x1c build/obj/chschd.o
                0x0000000020000930                rlist
 .bss.endmem    0x000000002000094c        0x4 build/obj/chmemcore.o
 .bss.nextmem   0x0000000020000950        0x4 build/obj/chmemcore.o
 *fill*         0x0000000020000954        0x4 
 .bss.default_heap
                0x0000000020000958       0x20 build/obj/chheap.o
 .bss.dma_isr_redir
                0x0000000020000978       0x80 build/obj/stm32_dma.o
 .bss.dma_streams_mask
                0x00000000200009f8        0x4 build/obj/stm32_dma.o
 .bss.ADCD1     0x00000000200009fc       0x34 build/obj/adc_lld.o
                0x00000000200009fc                ADCD1
 .bss.PWMD4     0x0000000020000a30       0x14 build/obj/pwm_lld.o
                0x0000000020000a30                PWMD4
 .bss.dummytx   0x0000000020000a44        0x2 build/obj/spi_lld.o
 *fill*         0x0000000020000a46        0x2 
 .bss.SPID2     0x0000000020000a48       0x30 build/obj/spi_lld.o
                0x0000000020000a48                SPID2
 .bss.SD1       0x0000000020000a78       0x78 build/obj/serial_lld.o
                0x0000000020000a78                SD1
 .bss.SD3       0x0000000020000af0       0x78 build/obj/serial_lld.o
                0x0000000020000af0                SD3
 .bss.wa_receive.6681
                0x0000000020000b68      0x1b0 build/obj/main.o
 .bss.data      0x0000000020000d18        0xc build/obj/ax12.o
                0x0000000020000d18                data
                0x0000000020000d24                . = ALIGN (0x4)
 *(COMMON)
                0x0000000020000d24                . = ALIGN (0x4)
                0x0000000020000d24                PROVIDE (_bss_end, .)
                0x0000000020000d24                PROVIDE (end, .)
                0x0000000020000d24                _end = .
                0x0000000020000d24                __heap_base__ = _end
                0x000000002001c000                __heap_end__ = __ram_end__
OUTPUT(build/ch.elf elf32-littlearm)

.debug_info     0x0000000000000000    0x11e8d
 .debug_info    0x0000000000000000      0x2a5 build/obj/crt0.o
 .debug_info    0x00000000000002a5      0x1ec build/obj/vectors.o
 .debug_info    0x0000000000000491      0x89a build/obj/chcore_v7m.o
 .debug_info    0x0000000000000d2b      0x451 build/obj/nvic.o
 .debug_info    0x000000000000117c      0x8a4 build/obj/chsys.o
 .debug_info    0x0000000000001a20      0x26b build/obj/chvt.o
 .debug_info    0x0000000000001c8b      0x9e4 build/obj/chschd.o
 .debug_info    0x000000000000266f      0xc42 build/obj/chthreads.o
 .debug_info    0x00000000000032b1      0x686 build/obj/chregistry.o
 .debug_info    0x0000000000003937      0xa4c build/obj/chmtx.o
 .debug_info    0x0000000000004383      0xe30 build/obj/chevents.o
 .debug_info    0x00000000000051b3      0xc75 build/obj/chqueues.o
 .debug_info    0x0000000000005e28      0x22b build/obj/chmemcore.o
 .debug_info    0x0000000000006053      0x735 build/obj/chheap.o
 .debug_info    0x0000000000006788      0x405 build/obj/hal.o
 .debug_info    0x0000000000006b8d      0xf03 build/obj/adc.o
 .debug_info    0x0000000000007a90      0x76b build/obj/pwm.o
 .debug_info    0x00000000000081fb     0x10b2 build/obj/serial.o
 .debug_info    0x00000000000092ad     0x1200 build/obj/spi.o
 .debug_info    0x000000000000a4ad      0xb20 build/obj/stm32_dma.o
 .debug_info    0x000000000000afcd      0x4dd build/obj/hal_lld.o
 .debug_info    0x000000000000b4aa     0x11bd build/obj/adc_lld.o
 .debug_info    0x000000000000c667      0xaf2 build/obj/pwm_lld.o
 .debug_info    0x000000000000d159      0x747 build/obj/pal_lld.o
 .debug_info    0x000000000000d8a0      0xece build/obj/spi_lld.o
 .debug_info    0x000000000000e76e     0x13cc build/obj/serial_lld.o
 .debug_info    0x000000000000fb3a      0x211 build/obj/board.o
 .debug_info    0x000000000000fd4b      0xc62 build/obj/main.o
 .debug_info    0x00000000000109ad      0xba1 build/obj/ax12.o
 .debug_info    0x000000000001154e      0x93f build/obj/receive_thread.o

.debug_abbrev   0x0000000000000000     0x4197
 .debug_abbrev  0x0000000000000000       0xf2 build/obj/crt0.o
 .debug_abbrev  0x00000000000000f2       0xaf build/obj/vectors.o
 .debug_abbrev  0x00000000000001a1      0x1fc build/obj/chcore_v7m.o
 .debug_abbrev  0x000000000000039d       0xf0 build/obj/nvic.o
 .debug_abbrev  0x000000000000048d      0x21e build/obj/chsys.o
 .debug_abbrev  0x00000000000006ab      0x15c build/obj/chvt.o
 .debug_abbrev  0x0000000000000807      0x33e build/obj/chschd.o
 .debug_abbrev  0x0000000000000b45      0x375 build/obj/chthreads.o
 .debug_abbrev  0x0000000000000eba      0x1a1 build/obj/chregistry.o
 .debug_abbrev  0x000000000000105b      0x314 build/obj/chmtx.o
 .debug_abbrev  0x000000000000136f      0x357 build/obj/chevents.o
 .debug_abbrev  0x00000000000016c6      0x34a build/obj/chqueues.o
 .debug_abbrev  0x0000000000001a10      0x16a build/obj/chmemcore.o
 .debug_abbrev  0x0000000000001b7a      0x20e build/obj/chheap.o
 .debug_abbrev  0x0000000000001d88      0x1bf build/obj/hal.o
 .debug_abbrev  0x0000000000001f47      0x30f build/obj/adc.o
 .debug_abbrev  0x0000000000002256      0x1e1 build/obj/pwm.o
 .debug_abbrev  0x0000000000002437      0x2d3 build/obj/serial.o
 .debug_abbrev  0x000000000000270a      0x2aa build/obj/spi.o
 .debug_abbrev  0x00000000000029b4      0x21f build/obj/stm32_dma.o
 .debug_abbrev  0x0000000000002bd3      0x12b build/obj/hal_lld.o
 .debug_abbrev  0x0000000000002cfe      0x2ef build/obj/adc_lld.o
 .debug_abbrev  0x0000000000002fed      0x283 build/obj/pwm_lld.o
 .debug_abbrev  0x0000000000003270      0x1c4 build/obj/pal_lld.o
 .debug_abbrev  0x0000000000003434      0x327 build/obj/spi_lld.o
 .debug_abbrev  0x000000000000375b      0x37b build/obj/serial_lld.o
 .debug_abbrev  0x0000000000003ad6       0xe3 build/obj/board.o
 .debug_abbrev  0x0000000000003bb9      0x222 build/obj/main.o
 .debug_abbrev  0x0000000000003ddb      0x201 build/obj/ax12.o
 .debug_abbrev  0x0000000000003fdc      0x1bb build/obj/receive_thread.o

.debug_aranges  0x0000000000000000      0x970
 .debug_aranges
                0x0000000000000000       0x38 build/obj/crt0.o
 .debug_aranges
                0x0000000000000038       0x20 build/obj/vectors.o
 .debug_aranges
                0x0000000000000058       0x50 build/obj/chcore_v7m.o
 .debug_aranges
                0x00000000000000a8       0x30 build/obj/nvic.o
 .debug_aranges
                0x00000000000000d8       0x30 build/obj/chsys.o
 .debug_aranges
                0x0000000000000108       0x38 build/obj/chvt.o
 .debug_aranges
                0x0000000000000140       0x68 build/obj/chschd.o
 .debug_aranges
                0x00000000000001a8       0x78 build/obj/chthreads.o
 .debug_aranges
                0x0000000000000220       0x28 build/obj/chregistry.o
 .debug_aranges
                0x0000000000000248       0x58 build/obj/chmtx.o
 .debug_aranges
                0x00000000000002a0       0xa0 build/obj/chevents.o
 .debug_aranges
                0x0000000000000340       0x70 build/obj/chqueues.o
 .debug_aranges
                0x00000000000003b0       0x38 build/obj/chmemcore.o
 .debug_aranges
                0x00000000000003e8       0x40 build/obj/chheap.o
 .debug_aranges
                0x0000000000000428       0x30 build/obj/hal.o
 .debug_aranges
                0x0000000000000458       0x70 build/obj/adc.o
 .debug_aranges
                0x00000000000004c8       0x50 build/obj/pwm.o
 .debug_aranges
                0x0000000000000518       0x88 build/obj/serial.o
 .debug_aranges
                0x00000000000005a0       0x98 build/obj/spi.o
 .debug_aranges
                0x0000000000000638       0xb0 build/obj/stm32_dma.o
 .debug_aranges
                0x00000000000006e8       0x28 build/obj/hal_lld.o
 .debug_aranges
                0x0000000000000710       0x70 build/obj/adc_lld.o
 .debug_aranges
                0x0000000000000780       0x48 build/obj/pwm_lld.o
 .debug_aranges
                0x00000000000007c8       0x28 build/obj/pal_lld.o
 .debug_aranges
                0x00000000000007f0       0x78 build/obj/spi_lld.o
 .debug_aranges
                0x0000000000000868       0x58 build/obj/serial_lld.o
 .debug_aranges
                0x00000000000008c0       0x28 build/obj/board.o
 .debug_aranges
                0x00000000000008e8       0x20 build/obj/main.o
 .debug_aranges
                0x0000000000000908       0x48 build/obj/ax12.o
 .debug_aranges
                0x0000000000000950       0x20 build/obj/receive_thread.o

.debug_ranges   0x0000000000000000     0x10a8
 .debug_ranges  0x0000000000000000       0xe0 build/obj/crt0.o
 .debug_ranges  0x00000000000000e0       0x10 build/obj/vectors.o
 .debug_ranges  0x00000000000000f0       0x58 build/obj/chcore_v7m.o
 .debug_ranges  0x0000000000000148       0x20 build/obj/nvic.o
 .debug_ranges  0x0000000000000168       0x20 build/obj/chsys.o
 .debug_ranges  0x0000000000000188       0x28 build/obj/chvt.o
 .debug_ranges  0x00000000000001b0      0x1d0 build/obj/chschd.o
 .debug_ranges  0x0000000000000380       0xc8 build/obj/chthreads.o
 .debug_ranges  0x0000000000000448       0x30 build/obj/chregistry.o
 .debug_ranges  0x0000000000000478      0x220 build/obj/chmtx.o
 .debug_ranges  0x0000000000000698       0xd8 build/obj/chevents.o
 .debug_ranges  0x0000000000000770       0xd8 build/obj/chqueues.o
 .debug_ranges  0x0000000000000848       0x28 build/obj/chmemcore.o
 .debug_ranges  0x0000000000000870       0x30 build/obj/chheap.o
 .debug_ranges  0x00000000000008a0       0x60 build/obj/hal.o
 .debug_ranges  0x0000000000000900       0xf0 build/obj/adc.o
 .debug_ranges  0x00000000000009f0       0x70 build/obj/pwm.o
 .debug_ranges  0x0000000000000a60       0xa8 build/obj/serial.o
 .debug_ranges  0x0000000000000b08      0x130 build/obj/spi.o
 .debug_ranges  0x0000000000000c38       0xa0 build/obj/stm32_dma.o
 .debug_ranges  0x0000000000000cd8       0x30 build/obj/hal_lld.o
 .debug_ranges  0x0000000000000d08       0x98 build/obj/adc_lld.o
 .debug_ranges  0x0000000000000da0       0x68 build/obj/pwm_lld.o
 .debug_ranges  0x0000000000000e08      0x168 build/obj/pal_lld.o
 .debug_ranges  0x0000000000000f70       0x68 build/obj/spi_lld.o
 .debug_ranges  0x0000000000000fd8       0x60 build/obj/serial_lld.o
 .debug_ranges  0x0000000000001038       0x18 build/obj/board.o
 .debug_ranges  0x0000000000001050       0x10 build/obj/main.o
 .debug_ranges  0x0000000000001060       0x38 build/obj/ax12.o
 .debug_ranges  0x0000000000001098       0x10 build/obj/receive_thread.o

.debug_line     0x0000000000000000     0x5532
 .debug_line    0x0000000000000000      0x145 build/obj/crt0.o
 .debug_line    0x0000000000000145       0xcf build/obj/vectors.o
 .debug_line    0x0000000000000214      0x230 build/obj/chcore_v7m.o
 .debug_line    0x0000000000000444      0x10e build/obj/nvic.o
 .debug_line    0x0000000000000552      0x225 build/obj/chsys.o
 .debug_line    0x0000000000000777      0x198 build/obj/chvt.o
 .debug_line    0x000000000000090f      0x354 build/obj/chschd.o
 .debug_line    0x0000000000000c63      0x37b build/obj/chthreads.o
 .debug_line    0x0000000000000fde      0x1f2 build/obj/chregistry.o
 .debug_line    0x00000000000011d0      0x388 build/obj/chmtx.o
 .debug_line    0x0000000000001558      0x34a build/obj/chevents.o
 .debug_line    0x00000000000018a2      0x3b6 build/obj/chqueues.o
 .debug_line    0x0000000000001c58      0x14d build/obj/chmemcore.o
 .debug_line    0x0000000000001da5      0x28e build/obj/chheap.o
 .debug_line    0x0000000000002033      0x316 build/obj/hal.o
 .debug_line    0x0000000000002349      0x3c4 build/obj/adc.o
 .debug_line    0x000000000000270d      0x20a build/obj/pwm.o
 .debug_line    0x0000000000002917      0x3fa build/obj/serial.o
 .debug_line    0x0000000000002d11      0x456 build/obj/spi.o
 .debug_line    0x0000000000003167      0x443 build/obj/stm32_dma.o
 .debug_line    0x00000000000035aa      0x215 build/obj/hal_lld.o
 .debug_line    0x00000000000037bf      0x482 build/obj/adc_lld.o
 .debug_line    0x0000000000003c41      0x31f build/obj/pwm_lld.o
 .debug_line    0x0000000000003f60      0x21d build/obj/pal_lld.o
 .debug_line    0x000000000000417d      0x4c0 build/obj/spi_lld.o
 .debug_line    0x000000000000463d      0x428 build/obj/serial_lld.o
 .debug_line    0x0000000000004a65      0x1bc build/obj/board.o
 .debug_line    0x0000000000004c21      0x33b build/obj/main.o
 .debug_line    0x0000000000004f5c      0x31b build/obj/ax12.o
 .debug_line    0x0000000000005277      0x2bb build/obj/receive_thread.o

.debug_str      0x0000000000000000     0x27e9
 .debug_str     0x0000000000000000      0x1cd build/obj/crt0.o
                                        0x201 (size before relaxing)
 .debug_str     0x00000000000001cd      0x15d build/obj/vectors.o
                                        0x22c (size before relaxing)
 .debug_str     0x000000000000032a      0x2fa build/obj/chcore_v7m.o
                                        0x3d4 (size before relaxing)
 .debug_str     0x0000000000000624       0xb6 build/obj/nvic.o
                                        0x1fe (size before relaxing)
 .debug_str     0x00000000000006da      0x21d build/obj/chsys.o
                                        0x4ac (size before relaxing)
 .debug_str     0x00000000000008f7       0x64 build/obj/chvt.o
                                        0x19b (size before relaxing)
 .debug_str     0x000000000000095b       0xed build/obj/chschd.o
                                        0x3e1 (size before relaxing)
 .debug_str     0x0000000000000a48       0xeb build/obj/chthreads.o
                                        0x44c (size before relaxing)
 .debug_str     0x0000000000000b33       0x5a build/obj/chregistry.o
                                        0x3cf (size before relaxing)
 .debug_str     0x0000000000000b8d       0xa2 build/obj/chmtx.o
                                        0x366 (size before relaxing)
 .debug_str     0x0000000000000c2f      0x1d1 build/obj/chevents.o
                                        0x48a (size before relaxing)
 .debug_str     0x0000000000000e00      0x13e build/obj/chqueues.o
                                        0x3f1 (size before relaxing)
 .debug_str     0x0000000000000f3e       0x88 build/obj/chmemcore.o
                                        0x16a (size before relaxing)
 .debug_str     0x0000000000000fc6       0xcb build/obj/chheap.o
                                        0x34a (size before relaxing)
 .debug_str     0x0000000000001091      0x196 build/obj/hal.o
                                        0x276 (size before relaxing)
 .debug_str     0x0000000000001227      0x311 build/obj/adc.o
                                        0x610 (size before relaxing)
 .debug_str     0x0000000000001538      0x22d build/obj/pwm.o
                                        0x341 (size before relaxing)
 .debug_str     0x0000000000001765      0x187 build/obj/serial.o
                                        0x55e (size before relaxing)
 .debug_str     0x00000000000018ec      0x293 build/obj/spi.o
                                        0x617 (size before relaxing)
 .debug_str     0x0000000000001b7f      0x745 build/obj/stm32_dma.o
                                        0x923 (size before relaxing)
 .debug_str     0x00000000000022c4       0xcf build/obj/hal_lld.o
                                        0x30d (size before relaxing)
 .debug_str     0x0000000000002393       0xe6 build/obj/adc_lld.o
                                        0xc33 (size before relaxing)
 .debug_str     0x0000000000002479       0x70 build/obj/pwm_lld.o
                                        0x96a (size before relaxing)
 .debug_str     0x00000000000024e9       0x8f build/obj/pal_lld.o
                                        0x35e (size before relaxing)
 .debug_str     0x0000000000002578       0xb9 build/obj/spi_lld.o
                                        0x6a4 (size before relaxing)
 .debug_str     0x0000000000002631       0x8e build/obj/serial_lld.o
                                        0xafd (size before relaxing)
 .debug_str     0x00000000000026bf       0x42 build/obj/board.o
                                        0x1d6 (size before relaxing)
 .debug_str     0x0000000000002701       0x55 build/obj/main.o
                                        0x521 (size before relaxing)
 .debug_str     0x0000000000002756       0x73 build/obj/ax12.o
                                        0x4a6 (size before relaxing)
 .debug_str     0x00000000000027c9       0x20 build/obj/receive_thread.o
                                        0x452 (size before relaxing)

.comment        0x0000000000000000       0x3a
 .comment       0x0000000000000000       0x3a build/obj/crt0.o
                                         0x3b (size before relaxing)
 .comment       0x0000000000000000       0x3b build/obj/vectors.o
 .comment       0x0000000000000000       0x3b build/obj/chcore_v7m.o
 .comment       0x0000000000000000       0x3b build/obj/nvic.o
 .comment       0x0000000000000000       0x3b build/obj/chsys.o
 .comment       0x0000000000000000       0x3b build/obj/chvt.o
 .comment       0x0000000000000000       0x3b build/obj/chschd.o
 .comment       0x0000000000000000       0x3b build/obj/chthreads.o
 .comment       0x0000000000000000       0x3b build/obj/chregistry.o
 .comment       0x0000000000000000       0x3b build/obj/chmtx.o
 .comment       0x0000000000000000       0x3b build/obj/chevents.o
 .comment       0x0000000000000000       0x3b build/obj/chqueues.o
 .comment       0x0000000000000000       0x3b build/obj/chmemcore.o
 .comment       0x0000000000000000       0x3b build/obj/chheap.o
 .comment       0x0000000000000000       0x3b build/obj/hal.o
 .comment       0x0000000000000000       0x3b build/obj/adc.o
 .comment       0x0000000000000000       0x3b build/obj/pwm.o
 .comment       0x0000000000000000       0x3b build/obj/serial.o
 .comment       0x0000000000000000       0x3b build/obj/spi.o
 .comment       0x0000000000000000       0x3b build/obj/stm32_dma.o
 .comment       0x0000000000000000       0x3b build/obj/hal_lld.o
 .comment       0x0000000000000000       0x3b build/obj/adc_lld.o
 .comment       0x0000000000000000       0x3b build/obj/pwm_lld.o
 .comment       0x0000000000000000       0x3b build/obj/pal_lld.o
 .comment       0x0000000000000000       0x3b build/obj/spi_lld.o
 .comment       0x0000000000000000       0x3b build/obj/serial_lld.o
 .comment       0x0000000000000000       0x3b build/obj/board.o
 .comment       0x0000000000000000       0x3b build/obj/main.o
 .comment       0x0000000000000000       0x3b build/obj/ax12.o
 .comment       0x0000000000000000       0x3b build/obj/receive_thread.o

.ARM.attributes
                0x0000000000000000       0x33
 .ARM.attributes
                0x0000000000000000       0x33 build/obj/crt0.o
 .ARM.attributes
                0x0000000000000033       0x33 build/obj/vectors.o
 .ARM.attributes
                0x0000000000000066       0x33 build/obj/chcore_v7m.o
 .ARM.attributes
                0x0000000000000099       0x33 build/obj/nvic.o
 .ARM.attributes
                0x00000000000000cc       0x33 build/obj/chsys.o
 .ARM.attributes
                0x00000000000000ff       0x33 build/obj/chvt.o
 .ARM.attributes
                0x0000000000000132       0x33 build/obj/chschd.o
 .ARM.attributes
                0x0000000000000165       0x33 build/obj/chthreads.o
 .ARM.attributes
                0x0000000000000198       0x33 build/obj/chregistry.o
 .ARM.attributes
                0x00000000000001cb       0x33 build/obj/chmtx.o
 .ARM.attributes
                0x00000000000001fe       0x33 build/obj/chevents.o
 .ARM.attributes
                0x0000000000000231       0x33 build/obj/chqueues.o
 .ARM.attributes
                0x0000000000000264       0x33 build/obj/chmemcore.o
 .ARM.attributes
                0x0000000000000297       0x33 build/obj/chheap.o
 .ARM.attributes
                0x00000000000002ca       0x33 build/obj/hal.o
 .ARM.attributes
                0x00000000000002fd       0x33 build/obj/adc.o
 .ARM.attributes
                0x0000000000000330       0x33 build/obj/pwm.o
 .ARM.attributes
                0x0000000000000363       0x33 build/obj/serial.o
 .ARM.attributes
                0x0000000000000396       0x33 build/obj/spi.o
 .ARM.attributes
                0x00000000000003c9       0x33 build/obj/stm32_dma.o
 .ARM.attributes
                0x00000000000003fc       0x33 build/obj/hal_lld.o
 .ARM.attributes
                0x000000000000042f       0x33 build/obj/adc_lld.o
 .ARM.attributes
                0x0000000000000462       0x33 build/obj/pwm_lld.o
 .ARM.attributes
                0x0000000000000495       0x33 build/obj/pal_lld.o
 .ARM.attributes
                0x00000000000004c8       0x33 build/obj/spi_lld.o
 .ARM.attributes
                0x00000000000004fb       0x33 build/obj/serial_lld.o
 .ARM.attributes
                0x000000000000052e       0x33 build/obj/board.o
 .ARM.attributes
                0x0000000000000561       0x33 build/obj/main.o
 .ARM.attributes
                0x0000000000000594       0x33 build/obj/ax12.o
 .ARM.attributes
                0x00000000000005c7       0x33 build/obj/receive_thread.o

.debug_frame    0x0000000000000000     0x1724
 .debug_frame   0x0000000000000000       0x50 build/obj/crt0.o
 .debug_frame   0x0000000000000050       0x20 build/obj/vectors.o
 .debug_frame   0x0000000000000070       0x98 build/obj/chcore_v7m.o
 .debug_frame   0x0000000000000108       0x68 build/obj/nvic.o
 .debug_frame   0x0000000000000170       0x60 build/obj/chsys.o
 .debug_frame   0x00000000000001d0       0x5c build/obj/chvt.o
 .debug_frame   0x000000000000022c      0x100 build/obj/chschd.o
 .debug_frame   0x000000000000032c      0x170 build/obj/chthreads.o
 .debug_frame   0x000000000000049c       0x3c build/obj/chregistry.o
 .debug_frame   0x00000000000004d8       0xe4 build/obj/chmtx.o
 .debug_frame   0x00000000000005bc      0x1e0 build/obj/chevents.o
 .debug_frame   0x000000000000079c      0x178 build/obj/chqueues.o
 .debug_frame   0x0000000000000914       0x50 build/obj/chmemcore.o
 .debug_frame   0x0000000000000964       0x98 build/obj/chheap.o
 .debug_frame   0x00000000000009fc       0x54 build/obj/hal.o
 .debug_frame   0x0000000000000a50      0x11c build/obj/adc.o
 .debug_frame   0x0000000000000b6c       0xb0 build/obj/pwm.o
 .debug_frame   0x0000000000000c1c      0x13c build/obj/serial.o
 .debug_frame   0x0000000000000d58      0x1a8 build/obj/spi.o
 .debug_frame   0x0000000000000f00      0x230 build/obj/stm32_dma.o
 .debug_frame   0x0000000000001130       0x40 build/obj/hal_lld.o
 .debug_frame   0x0000000000001170      0x124 build/obj/adc_lld.o
 .debug_frame   0x0000000000001294       0xb0 build/obj/pwm_lld.o
 .debug_frame   0x0000000000001344       0x4c build/obj/pal_lld.o
 .debug_frame   0x0000000000001390      0x140 build/obj/spi_lld.o
 .debug_frame   0x00000000000014d0       0xe0 build/obj/serial_lld.o
 .debug_frame   0x00000000000015b0       0x30 build/obj/board.o
 .debug_frame   0x00000000000015e0       0x2c build/obj/main.o
 .debug_frame   0x000000000000160c       0xec build/obj/ax12.o
 .debug_frame   0x00000000000016f8       0x2c build/obj/receive_thread.o

.debug_loc      0x0000000000000000     0x54f8
 .debug_loc     0x0000000000000000      0x10c build/obj/chcore_v7m.o
 .debug_loc     0x000000000000010c      0x1cb build/obj/nvic.o
 .debug_loc     0x00000000000002d7       0xb6 build/obj/chsys.o
 .debug_loc     0x000000000000038d       0xc1 build/obj/chvt.o
 .debug_loc     0x000000000000044e      0x32b build/obj/chschd.o
 .debug_loc     0x0000000000000779      0x4dd build/obj/chthreads.o
 .debug_loc     0x0000000000000c56       0x8d build/obj/chregistry.o
 .debug_loc     0x0000000000000ce3      0x474 build/obj/chmtx.o
 .debug_loc     0x0000000000001157      0x8c3 build/obj/chevents.o
 .debug_loc     0x0000000000001a1a      0x893 build/obj/chqueues.o
 .debug_loc     0x00000000000022ad      0x114 build/obj/chmemcore.o
 .debug_loc     0x00000000000023c1      0x370 build/obj/chheap.o
 .debug_loc     0x0000000000002731       0x98 build/obj/hal.o
 .debug_loc     0x00000000000027c9      0x517 build/obj/adc.o
 .debug_loc     0x0000000000002ce0      0x240 build/obj/pwm.o
 .debug_loc     0x0000000000002f20      0x587 build/obj/serial.o
 .debug_loc     0x00000000000034a7      0x761 build/obj/spi.o
 .debug_loc     0x0000000000003c08      0x4b1 build/obj/stm32_dma.o
 .debug_loc     0x00000000000040b9       0x20 build/obj/hal_lld.o
 .debug_loc     0x00000000000040d9      0x37c build/obj/adc_lld.o
 .debug_loc     0x0000000000004455      0x2f9 build/obj/pwm_lld.o
 .debug_loc     0x000000000000474e      0x15d build/obj/pal_lld.o
 .debug_loc     0x00000000000048ab      0x385 build/obj/spi_lld.o
 .debug_loc     0x0000000000004c30      0x4b6 build/obj/serial_lld.o
 .debug_loc     0x00000000000050e6       0x3f build/obj/main.o
 .debug_loc     0x0000000000005125      0x392 build/obj/ax12.o
 .debug_loc     0x00000000000054b7       0x41 build/obj/receive_thread.o

Cross Reference Table

Symbol                                            File
ADCD1                                             build/obj/adc_lld.o
BusFaultVector                                    build/obj/vectors.o
DebugMonitorVector                                build/obj/vectors.o
HardFaultVector                                   build/obj/vectors.o
MemManageVector                                   build/obj/vectors.o
NMIVector                                         build/obj/vectors.o
PWMD4                                             build/obj/pwm_lld.o
PendSVVector                                      build/obj/vectors.o
ResetHandler                                      build/obj/crt0.o
                                                  build/obj/vectors.o
SD1                                               build/obj/serial_lld.o
                                                  build/obj/receive_thread.o
                                                  build/obj/main.o
SD3                                               build/obj/serial_lld.o
                                                  build/obj/receive_thread.o
                                                  build/obj/main.o
SPID2                                             build/obj/spi_lld.o
SVCallVector                                      build/obj/chcore_v7m.o
                                                  build/obj/vectors.o
SysTickVector                                     build/obj/chcore_v7m.o
                                                  build/obj/vectors.o
TestThread                                        build/obj/test.o
UsageFaultVector                                  build/obj/vectors.o
Vector100                                         build/obj/vectors.o
Vector104                                         build/obj/vectors.o
Vector108                                         build/obj/vectors.o
Vector10C                                         build/obj/vectors.o
Vector110                                         build/obj/vectors.o
Vector114                                         build/obj/vectors.o
Vector118                                         build/obj/vectors.o
Vector11C                                         build/obj/vectors.o
Vector120                                         build/obj/stm32_dma.o
                                                  build/obj/vectors.o
Vector124                                         build/obj/stm32_dma.o
                                                  build/obj/vectors.o
Vector128                                         build/obj/stm32_dma.o
                                                  build/obj/vectors.o
Vector12C                                         build/obj/stm32_dma.o
                                                  build/obj/vectors.o
Vector130                                         build/obj/stm32_dma.o
                                                  build/obj/vectors.o
Vector134                                         build/obj/vectors.o
Vector138                                         build/obj/vectors.o
Vector13C                                         build/obj/vectors.o
Vector140                                         build/obj/vectors.o
Vector144                                         build/obj/vectors.o
Vector148                                         build/obj/vectors.o
Vector14C                                         build/obj/vectors.o
Vector150                                         build/obj/stm32_dma.o
                                                  build/obj/vectors.o
Vector154                                         build/obj/stm32_dma.o
                                                  build/obj/vectors.o
Vector158                                         build/obj/stm32_dma.o
                                                  build/obj/vectors.o
Vector15C                                         build/obj/vectors.o
Vector160                                         build/obj/vectors.o
Vector164                                         build/obj/vectors.o
Vector168                                         build/obj/vectors.o
Vector16C                                         build/obj/vectors.o
Vector170                                         build/obj/vectors.o
Vector174                                         build/obj/vectors.o
Vector178                                         build/obj/vectors.o
Vector17C                                         build/obj/vectors.o
Vector180                                         build/obj/vectors.o
Vector184                                         build/obj/vectors.o
Vector1C                                          build/obj/vectors.o
Vector20                                          build/obj/vectors.o
Vector24                                          build/obj/vectors.o
Vector28                                          build/obj/vectors.o
Vector34                                          build/obj/vectors.o
Vector40                                          build/obj/vectors.o
Vector44                                          build/obj/vectors.o
Vector48                                          build/obj/vectors.o
Vector4C                                          build/obj/vectors.o
Vector50                                          build/obj/vectors.o
Vector54                                          build/obj/vectors.o
Vector58                                          build/obj/vectors.o
Vector5C                                          build/obj/vectors.o
Vector60                                          build/obj/vectors.o
Vector64                                          build/obj/vectors.o
Vector68                                          build/obj/vectors.o
Vector6C                                          build/obj/stm32_dma.o
                                                  build/obj/vectors.o
Vector70                                          build/obj/stm32_dma.o
                                                  build/obj/vectors.o
Vector74                                          build/obj/stm32_dma.o
                                                  build/obj/vectors.o
Vector78                                          build/obj/stm32_dma.o
                                                  build/obj/vectors.o
Vector7C                                          build/obj/stm32_dma.o
                                                  build/obj/vectors.o
Vector80                                          build/obj/stm32_dma.o
                                                  build/obj/vectors.o
Vector84                                          build/obj/stm32_dma.o
                                                  build/obj/vectors.o
Vector88                                          build/obj/adc_lld.o
                                                  build/obj/vectors.o
Vector8C                                          build/obj/vectors.o
Vector90                                          build/obj/vectors.o
Vector94                                          build/obj/vectors.o
Vector98                                          build/obj/vectors.o
Vector9C                                          build/obj/vectors.o
VectorA0                                          build/obj/vectors.o
VectorA4                                          build/obj/vectors.o
VectorA8                                          build/obj/vectors.o
VectorAC                                          build/obj/vectors.o
VectorB0                                          build/obj/vectors.o
VectorB4                                          build/obj/vectors.o
VectorB8                                          build/obj/pwm_lld.o
                                                  build/obj/vectors.o
VectorBC                                          build/obj/vectors.o
VectorC0                                          build/obj/vectors.o
VectorC4                                          build/obj/vectors.o
VectorC8                                          build/obj/vectors.o
VectorCC                                          build/obj/vectors.o
VectorD0                                          build/obj/vectors.o
VectorD4                                          build/obj/serial_lld.o
                                                  build/obj/vectors.o
VectorD8                                          build/obj/vectors.o
VectorDC                                          build/obj/serial_lld.o
                                                  build/obj/vectors.o
VectorE0                                          build/obj/vectors.o
VectorE4                                          build/obj/vectors.o
VectorE8                                          build/obj/vectors.o
VectorEC                                          build/obj/vectors.o
VectorF0                                          build/obj/vectors.o
VectorF4                                          build/obj/vectors.o
VectorF8                                          build/obj/vectors.o
VectorFC                                          build/obj/stm32_dma.o
                                                  build/obj/vectors.o
__early_init                                      build/obj/board.o
                                                  build/obj/crt0.o
__fini_array_end                                  build/obj/crt0.o
__fini_array_start                                build/obj/crt0.o
__heap_base__                                     build/obj/chmemcore.o
__heap_end__                                      build/obj/chmemcore.o
__init_array_end                                  build/obj/crt0.o
__init_array_start                                build/obj/crt0.o
__late_init                                       build/obj/crt0.o
__main_stack_base__                               build/obj/crt0.o
__main_stack_end__                                build/obj/vectors.o
                                                  build/obj/crt0.o
__process_stack_base__                            build/obj/crt0.o
__process_stack_end__                             build/obj/crt0.o
_bss_end                                          build/obj/crt0.o
_bss_start                                        build/obj/crt0.o
_core_init                                        build/obj/chmemcore.o
                                                  build/obj/chsys.o
_data                                             build/obj/crt0.o
_default_exit                                     build/obj/crt0.o
_edata                                            build/obj/crt0.o
_heap_init                                        build/obj/chheap.o
                                                  build/obj/chsys.o
_idle_thread                                      build/obj/chsys.o
_idle_thread_wa                                   build/obj/chsys.o
_pal_lld_init                                     build/obj/pal_lld.o
                                                  build/obj/hal.o
_pal_lld_setgroupmode                             build/obj/pal_lld.o
                                                  build/obj/main.o
                                                  build/obj/pal.o
_port_init                                        build/obj/chcore_v7m.o
                                                  build/obj/chsys.o
_port_irq_epilogue                                build/obj/chcore_v7m.o
                                                  build/obj/serial_lld.o
                                                  build/obj/pwm_lld.o
                                                  build/obj/adc_lld.o
                                                  build/obj/stm32_dma.o
_port_switch                                      build/obj/chcore_v7m.o
                                                  build/obj/chschd.o
_port_switch_from_isr                             build/obj/chcore_v7m.o
_port_thread_start                                build/obj/chcore_v7m.o
                                                  build/obj/chthreads.o
_scheduler_init                                   build/obj/chschd.o
                                                  build/obj/chsys.o
_stm32_dma_streams                                build/obj/stm32_dma.o
                                                  build/obj/spi_lld.o
                                                  build/obj/adc_lld.o
_test_assert                                      build/obj/test.o
                                                  build/obj/testqueues.o
                                                  build/obj/testdyn.o
                                                  build/obj/testpools.o
                                                  build/obj/testheap.o
                                                  build/obj/testevt.o
                                                  build/obj/testmbox.o
                                                  build/obj/testmtx.o
                                                  build/obj/testsem.o
                                                  build/obj/testthd.o
_test_assert_sequence                             build/obj/test.o
                                                  build/obj/testqueues.o
                                                  build/obj/testdyn.o
                                                  build/obj/testevt.o
                                                  build/obj/testmbox.o
                                                  build/obj/testmsg.o
                                                  build/obj/testmtx.o
                                                  build/obj/testsem.o
                                                  build/obj/testthd.o
_test_assert_time_window                          build/obj/test.o
                                                  build/obj/testevt.o
                                                  build/obj/testmtx.o
                                                  build/obj/testsem.o
                                                  build/obj/testthd.o
_test_fail                                        build/obj/test.o
_textdata                                         build/obj/crt0.o
_thread_init                                      build/obj/chthreads.o
                                                  build/obj/chsys.o
_unhandled_exception                              build/obj/vectors.o
_vectors                                          build/obj/vectors.o
_vt_init                                          build/obj/chvt.o
                                                  build/obj/chsys.o
adcAcquireBus                                     build/obj/adc.o
adcConvert                                        build/obj/adc.o
adcInit                                           build/obj/adc.o
                                                  build/obj/hal.o
adcObjectInit                                     build/obj/adc.o
                                                  build/obj/adc_lld.o
adcReleaseBus                                     build/obj/adc.o
adcSTM32DisableTSVREFE                            build/obj/adc_lld.o
adcSTM32DisableVBATE                              build/obj/adc_lld.o
adcSTM32EnableTSVREFE                             build/obj/adc_lld.o
adcSTM32EnableVBATE                               build/obj/adc_lld.o
adcStart                                          build/obj/adc.o
adcStartConversion                                build/obj/adc.o
adcStartConversionI                               build/obj/adc.o
adcStop                                           build/obj/adc.o
adcStopConversion                                 build/obj/adc.o
adcStopConversionI                                build/obj/adc.o
adc_lld_init                                      build/obj/adc_lld.o
                                                  build/obj/adc.o
adc_lld_start                                     build/obj/adc_lld.o
                                                  build/obj/adc.o
adc_lld_start_conversion                          build/obj/adc_lld.o
                                                  build/obj/adc.o
adc_lld_stop                                      build/obj/adc_lld.o
                                                  build/obj/adc.o
adc_lld_stop_conversion                           build/obj/adc_lld.o
                                                  build/obj/adc.o
boardInit                                         build/obj/board.o
                                                  build/obj/hal.o
chCondBroadcast                                   build/obj/chcond.o
                                                  build/obj/testmtx.o
chCondBroadcastI                                  build/obj/chcond.o
chCondInit                                        build/obj/chcond.o
                                                  build/obj/testmtx.o
chCondSignal                                      build/obj/chcond.o
                                                  build/obj/testmtx.o
chCondSignalI                                     build/obj/chcond.o
                                                  build/obj/testmtx.o
chCondWait                                        build/obj/chcond.o
                                                  build/obj/testmtx.o
chCondWaitS                                       build/obj/chcond.o
chCondWaitTimeout                                 build/obj/chcond.o
                                                  build/obj/testmtx.o
chCondWaitTimeoutS                                build/obj/chcond.o
chCoreAlloc                                       build/obj/chmemcore.o
                                                  build/obj/chheap.o
chCoreAllocI                                      build/obj/chmemcore.o
chCoreStatus                                      build/obj/chmemcore.o
                                                  build/obj/testheap.o
chEvtAddEvents                                    build/obj/chevents.o
                                                  build/obj/testevt.o
chEvtBroadcastFlags                               build/obj/chevents.o
                                                  build/obj/testevt.o
chEvtBroadcastFlagsI                              build/obj/chevents.o
                                                  build/obj/serial_lld.o
                                                  build/obj/serial.o
chEvtDispatch                                     build/obj/chevents.o
                                                  build/obj/testevt.o
chEvtGetAndClearEvents                            build/obj/chevents.o
                                                  build/obj/testevt.o
chEvtGetAndClearFlags                             build/obj/chevents.o
chEvtGetAndClearFlagsI                            build/obj/chevents.o
chEvtRegisterMask                                 build/obj/chevents.o
                                                  build/obj/testevt.o
chEvtSignal                                       build/obj/chevents.o
                                                  build/obj/testevt.o
chEvtSignalI                                      build/obj/chevents.o
chEvtUnregister                                   build/obj/chevents.o
                                                  build/obj/testevt.o
chEvtWaitAll                                      build/obj/chevents.o
                                                  build/obj/testevt.o
chEvtWaitAllTimeout                               build/obj/chevents.o
                                                  build/obj/testevt.o
chEvtWaitAny                                      build/obj/chevents.o
                                                  build/obj/testevt.o
chEvtWaitAnyTimeout                               build/obj/chevents.o
                                                  build/obj/testevt.o
chEvtWaitOne                                      build/obj/chevents.o
                                                  build/obj/testevt.o
chEvtWaitOneTimeout                               build/obj/chevents.o
                                                  build/obj/testevt.o
chHeapAlloc                                       build/obj/chheap.o
                                                  build/obj/testdyn.o
                                                  build/obj/testheap.o
                                                  build/obj/chdynamic.o
chHeapFree                                        build/obj/chheap.o
                                                  build/obj/testdyn.o
                                                  build/obj/testheap.o
                                                  build/obj/chdynamic.o
chHeapInit                                        build/obj/chheap.o
                                                  build/obj/testdyn.o
                                                  build/obj/testheap.o
chHeapStatus                                      build/obj/chheap.o
                                                  build/obj/testdyn.o
                                                  build/obj/testheap.o
chIQGetTimeout                                    build/obj/chqueues.o
                                                  build/obj/receive_thread.o
                                                  build/obj/serial.o
                                                  build/obj/testbmk.o
                                                  build/obj/testqueues.o
chIQInit                                          build/obj/chqueues.o
                                                  build/obj/serial.o
                                                  build/obj/testbmk.o
                                                  build/obj/testqueues.o
chIQPutI                                          build/obj/chqueues.o
                                                  build/obj/serial.o
                                                  build/obj/testbmk.o
                                                  build/obj/testqueues.o
chIQReadTimeout                                   build/obj/chqueues.o
                                                  build/obj/serial.o
                                                  build/obj/testqueues.o
chIQResetI                                        build/obj/chqueues.o
                                                  build/obj/serial.o
                                                  build/obj/testqueues.o
chMBFetch                                         build/obj/chmboxes.o
                                                  build/obj/testmbox.o
chMBFetchI                                        build/obj/chmboxes.o
                                                  build/obj/testmbox.o
chMBFetchS                                        build/obj/chmboxes.o
chMBInit                                          build/obj/chmboxes.o
                                                  build/obj/testmbox.o
chMBPost                                          build/obj/chmboxes.o
                                                  build/obj/testmbox.o
chMBPostAhead                                     build/obj/chmboxes.o
                                                  build/obj/testmbox.o
chMBPostAheadI                                    build/obj/chmboxes.o
                                                  build/obj/testmbox.o
chMBPostAheadS                                    build/obj/chmboxes.o
chMBPostI                                         build/obj/chmboxes.o
                                                  build/obj/testmbox.o
chMBPostS                                         build/obj/chmboxes.o
chMBReset                                         build/obj/chmboxes.o
                                                  build/obj/testmbox.o
chMsgRelease                                      build/obj/chmsg.o
                                                  build/obj/testbmk.o
                                                  build/obj/testmsg.o
chMsgSend                                         build/obj/chmsg.o
                                                  build/obj/testbmk.o
                                                  build/obj/testmsg.o
chMsgWait                                         build/obj/chmsg.o
                                                  build/obj/testbmk.o
                                                  build/obj/testmsg.o
chMtxInit                                         build/obj/chmtx.o
                                                  build/obj/spi.o
                                                  build/obj/adc.o
                                                  build/obj/testbmk.o
                                                  build/obj/testmtx.o
                                                  build/obj/chheap.o
chMtxLock                                         build/obj/chmtx.o
                                                  build/obj/spi.o
                                                  build/obj/adc.o
                                                  build/obj/testbmk.o
                                                  build/obj/testmtx.o
                                                  build/obj/chheap.o
chMtxLockS                                        build/obj/chmtx.o
                                                  build/obj/chcond.o
chMtxTryLock                                      build/obj/chmtx.o
                                                  build/obj/testmtx.o
chMtxTryLockS                                     build/obj/chmtx.o
chMtxUnlock                                       build/obj/chmtx.o
                                                  build/obj/spi.o
                                                  build/obj/adc.o
                                                  build/obj/testbmk.o
                                                  build/obj/testmtx.o
                                                  build/obj/chheap.o
chMtxUnlockAll                                    build/obj/chmtx.o
                                                  build/obj/testmtx.o
chMtxUnlockS                                      build/obj/chmtx.o
                                                  build/obj/testmtx.o
                                                  build/obj/chcond.o
chOQGetI                                          build/obj/chqueues.o
                                                  build/obj/serial_lld.o
                                                  build/obj/serial.o
                                                  build/obj/testqueues.o
chOQInit                                          build/obj/chqueues.o
                                                  build/obj/serial.o
                                                  build/obj/testqueues.o
chOQPutTimeout                                    build/obj/chqueues.o
                                                  build/obj/receive_thread.o
                                                  build/obj/serial.o
                                                  build/obj/testqueues.o
chOQResetI                                        build/obj/chqueues.o
                                                  build/obj/serial.o
                                                  build/obj/testqueues.o
chOQWriteTimeout                                  build/obj/chqueues.o
                                                  build/obj/ax12.o
                                                  build/obj/serial.o
                                                  build/obj/testqueues.o
chPoolAlloc                                       build/obj/chmempools.o
                                                  build/obj/testdyn.o
                                                  build/obj/testpools.o
                                                  build/obj/chdynamic.o
chPoolAllocI                                      build/obj/chmempools.o
chPoolFree                                        build/obj/chmempools.o
                                                  build/obj/testdyn.o
                                                  build/obj/testpools.o
                                                  build/obj/chdynamic.o
chPoolFreeI                                       build/obj/chmempools.o
chPoolInit                                        build/obj/chmempools.o
                                                  build/obj/testdyn.o
                                                  build/obj/testpools.o
chPoolLoadArray                                   build/obj/chmempools.o
                                                  build/obj/testpools.o
chRegFirstThread                                  build/obj/chregistry.o
                                                  build/obj/testdyn.o
chRegNextThread                                   build/obj/chregistry.o
                                                  build/obj/testdyn.o
chSchDoReschedule                                 build/obj/chschd.o
                                                  build/obj/chcore_v7m.o
chSchDoRescheduleAhead                            build/obj/chschd.o
chSchDoRescheduleBehind                           build/obj/chschd.o
                                                  build/obj/chthreads.o
chSchGoSleepS                                     build/obj/chschd.o
                                                  build/obj/spi.o
                                                  build/obj/adc.o
                                                  build/obj/testbmk.o
                                                  build/obj/chmsg.o
                                                  build/obj/chevents.o
                                                  build/obj/chcond.o
                                                  build/obj/chmtx.o
                                                  build/obj/chsem.o
                                                  build/obj/chthreads.o
chSchGoSleepTimeoutS                              build/obj/chschd.o
                                                  build/obj/chqueues.o
                                                  build/obj/chevents.o
                                                  build/obj/chcond.o
                                                  build/obj/chsem.o
                                                  build/obj/chthreads.o
chSchReadyI                                       build/obj/chschd.o
                                                  build/obj/spi_lld.o
                                                  build/obj/adc_lld.o
                                                  build/obj/adc.o
                                                  build/obj/chqueues.o
                                                  build/obj/chmsg.o
                                                  build/obj/chevents.o
                                                  build/obj/chcond.o
                                                  build/obj/chmtx.o
                                                  build/obj/chsem.o
                                                  build/obj/chthreads.o
chSchRescheduleS                                  build/obj/chschd.o
                                                  build/obj/serial.o
                                                  build/obj/testmtx.o
                                                  build/obj/testsem.o
                                                  build/obj/chmboxes.o
                                                  build/obj/chevents.o
                                                  build/obj/chcond.o
                                                  build/obj/chmtx.o
                                                  build/obj/chsem.o
                                                  build/obj/chthreads.o
chSchWakeupS                                      build/obj/chschd.o
                                                  build/obj/adc.o
                                                  build/obj/testbmk.o
                                                  build/obj/chmsg.o
                                                  build/obj/chcond.o
                                                  build/obj/chmtx.o
                                                  build/obj/chsem.o
                                                  build/obj/chdynamic.o
                                                  build/obj/chthreads.o
chSemAddCounterI                                  build/obj/chsem.o
                                                  build/obj/testsem.o
chSemInit                                         build/obj/chsem.o
                                                  build/obj/testbmk.o
                                                  build/obj/testsem.o
                                                  build/obj/chmboxes.o
chSemReset                                        build/obj/chsem.o
                                                  build/obj/testbmk.o
                                                  build/obj/testsem.o
chSemResetI                                       build/obj/chsem.o
                                                  build/obj/chmboxes.o
chSemSignal                                       build/obj/chsem.o
                                                  build/obj/testbmk.o
                                                  build/obj/testsem.o
chSemSignalI                                      build/obj/chsem.o
                                                  build/obj/testsem.o
                                                  build/obj/chmboxes.o
chSemSignalWait                                   build/obj/chsem.o
                                                  build/obj/testsem.o
chSemWait                                         build/obj/chsem.o
                                                  build/obj/testbmk.o
                                                  build/obj/testsem.o
chSemWaitS                                        build/obj/chsem.o
chSemWaitTimeout                                  build/obj/chsem.o
                                                  build/obj/testsem.o
chSemWaitTimeoutS                                 build/obj/chsem.o
                                                  build/obj/chmboxes.o
chSysInit                                         build/obj/chsys.o
                                                  build/obj/main.o
chSysTimerHandlerI                                build/obj/chsys.o
                                                  build/obj/chcore_v7m.o
chThdAddRef                                       build/obj/chdynamic.o
                                                  build/obj/testdyn.o
chThdCreateFromHeap                               build/obj/chdynamic.o
                                                  build/obj/testdyn.o
chThdCreateFromMemoryPool                         build/obj/chdynamic.o
                                                  build/obj/testdyn.o
chThdCreateI                                      build/obj/chthreads.o
                                                  build/obj/testthd.o
                                                  build/obj/chdynamic.o
chThdCreateStatic                                 build/obj/chthreads.o
                                                  build/obj/main.o
                                                  build/obj/testbmk.o
                                                  build/obj/testqueues.o
                                                  build/obj/testevt.o
                                                  build/obj/testmsg.o
                                                  build/obj/testmtx.o
                                                  build/obj/testsem.o
                                                  build/obj/testthd.o
                                                  build/obj/chsys.o
chThdExit                                         build/obj/chthreads.o
                                                  build/obj/chcore_v7m.o
chThdExitS                                        build/obj/chthreads.o
chThdRelease                                      build/obj/chdynamic.o
                                                  build/obj/testdyn.o
                                                  build/obj/chregistry.o
                                                  build/obj/chthreads.o
chThdResume                                       build/obj/chthreads.o
                                                  build/obj/testthd.o
chThdSetPriority                                  build/obj/chthreads.o
                                                  build/obj/testthd.o
chThdSleep                                        build/obj/chthreads.o
                                                  build/obj/main.o
                                                  build/obj/testbmk.o
                                                  build/obj/testdyn.o
                                                  build/obj/testevt.o
                                                  build/obj/testmtx.o
                                                  build/obj/testsem.o
                                                  build/obj/testthd.o
                                                  build/obj/test.o
chThdSleepUntil                                   build/obj/chthreads.o
                                                  build/obj/testthd.o
chThdTerminate                                    build/obj/chthreads.o
                                                  build/obj/test.o
chThdWait                                         build/obj/chthreads.o
                                                  build/obj/testbmk.o
                                                  build/obj/test.o
chThdYield                                        build/obj/chthreads.o
                                                  build/obj/testbmk.o
chTimeIsWithin                                    build/obj/chvt.o
                                                  build/obj/test.o
chVTResetI                                        build/obj/chvt.o
                                                  build/obj/testbmk.o
                                                  build/obj/chschd.o
chVTSetI                                          build/obj/chvt.o
                                                  build/obj/testbmk.o
                                                  build/obj/test.o
                                                  build/obj/chschd.o
ch_debug                                          build/obj/chregistry.o
                                                  build/obj/chsys.o
chprintf                                          build/obj/chprintf.o
data                                              build/obj/ax12.o
dmaInit                                           build/obj/stm32_dma.o
                                                  build/obj/hal_lld.o
dmaStreamAllocate                                 build/obj/stm32_dma.o
                                                  build/obj/spi_lld.o
                                                  build/obj/adc_lld.o
dmaStreamRelease                                  build/obj/stm32_dma.o
                                                  build/obj/spi_lld.o
                                                  build/obj/adc_lld.o
enableTorque                                      build/obj/ax12.o
halInit                                           build/obj/hal.o
                                                  build/obj/main.o
halIsCounterWithin                                build/obj/hal.o
halPolledDelay                                    build/obj/hal.o
hal_lld_init                                      build/obj/hal_lld.o
                                                  build/obj/hal.o
lis302dlReadRegister                              build/obj/lis302dl.o
lis302dlWriteRegister                             build/obj/lis302dl.o
main                                              build/obj/main.o
                                                  build/obj/crt0.o
nvicDisableVector                                 build/obj/nvic.o
                                                  build/obj/serial_lld.o
                                                  build/obj/pwm_lld.o
                                                  build/obj/stm32_dma.o
nvicEnableVector                                  build/obj/nvic.o
                                                  build/obj/serial_lld.o
                                                  build/obj/pwm_lld.o
                                                  build/obj/adc_lld.o
                                                  build/obj/stm32_dma.o
nvicSetSystemHandlerPriority                      build/obj/nvic.o
                                                  build/obj/chcore_v7m.o
palReadBus                                        build/obj/pal.o
palSetBusMode                                     build/obj/pal.o
palWriteBus                                       build/obj/pal.o
pal_default_config                                build/obj/board.o
                                                  build/obj/hal.o
patternbmk                                        build/obj/testbmk.o
                                                  build/obj/test.o
patterndyn                                        build/obj/testdyn.o
                                                  build/obj/test.o
patternevt                                        build/obj/testevt.o
                                                  build/obj/test.o
patternheap                                       build/obj/testheap.o
                                                  build/obj/test.o
patternmbox                                       build/obj/testmbox.o